
> edueval-server@1.0.0 test
> node --experimental-vm-modules node_modules/jest/bin/jest.js --coverage

node.exe : node:internal/mo
dules/cjs/loader:1424
At line:1 char:1
+ & "C:\Program 
Files\nodejs/node.exe" 
"C:\Program 
Files\nodejs/node_mo ...
+ ~~~~~~~~~~~~~~~~~~~~~~~~~
~~~~~~~~~~~~~~~~~~~~~~~~~~~
~~~~~~~~~~~~~~~~~
    + CategoryInfo         
     : NotSpecified: (nod  
  e:internal/modules/cjs   
 /loader:1424:String) [    
], RemoteException
    + FullyQualifiedErrorI 
   d : NativeCommandError
 
  throw err;
  ^

Error: Cannot find module '
D:\EduEval\server\node_modu
les\jest\bin\jest.js'
    at 
Module._resolveFilename (no
de:internal/modules/cjs/loa
der:1421:15)
    at defaultResolveImpl (
node:internal/modules/cjs/l
oader:1059:19)
    at 
resolveForCJSWithHooks (nod
e:internal/modules/cjs/load
er:1064:22)
    at Module._load (node:i
nternal/modules/cjs/loader:
1227:37)
    at 
TracingChannel.traceSync (n
ode:diagnostics_channel:328
:14)
    at wrapModuleLoad (node
:internal/modules/cjs/loade
r:245:24)
    at Module.executeUserEn
tryPoint [as runMain] (node
:internal/modules/run_main:
154:5)
    at node:internal/main/r
un_main_module:33:47 {
  code: 'MODULE_NOT_FOUND',
  requireStack: []
}

Node.js v24.13.0
npm error Lifecycle script 
`test` failed with error:
npm error code 1
npm error path 
D:\EduEval\server
npm error workspace 
edueval-server@1.0.0
npm error location 
D:\EduEval\server
npm error command failed
npm error command C:\WINDOW
S\system32\cmd.exe /d /s 
/c node 
--experimental-vm-modules n
ode_modules/jest/bin/jest.j
s --coverage
